// Jest Snapshot v1, https://goo.gl/fbAQLP

exports[`Some component Should render via react test renderer 1`] = `
<View>
  <Text
    accessible={true}
    allowFontScaling={true}
    ellipsizeMode="tail"
  >
    Hello world
  </Text>
</View>
`;
